
> portfolio-scrollytelling@0.1.0 build
> next build

  Γû▓ Next.js 14.2.35

   Creating an optimized production build ...
 Γ£ô Compiled successfully
   Linting and checking validity of types ...
node.exe : 
At C:\Program Files\nod
ejs\npm.ps1:29 char:3
+   & $NODE_EXE 
$NPM_CLI_JS $args
+   ~~~~~~~~~~~~~~~~~~~
~~~~~~~~~~
    + CategoryInfo     
         : NotSpecifi  
  ed: (:String) [],    
 RemoteException
    + FullyQualifiedEr 
   rorId : NativeComm  
  andError
 
Failed to compile.

./src/components/Scroll
ToTop.tsx
10:10  Error: 
'isVisible' is 
assigned a value but 
never used.  @typescrip
t-eslint/no-unused-vars

./src/components/Scroll
yCanvas.tsx
59:6  Warning: React 
Hook useEffect has 
missing dependencies: 
'drawImage' and 
'frameIndex'. Either 
include them or remove 
the dependency array.  
react-hooks/exhaustive-
deps
123:6  Warning: React 
Hook useEffect has 
missing dependencies: 
'drawImage' and 
'frameIndex'. Either 
include them or remove 
the dependency array.  
react-hooks/exhaustive-
deps

info  - Need to 
disable some ESLint 
rules? Learn more 
here: https://nextjs.or
g/docs/basic-features/e
slint#disabling-rules
